Resolving dependencies...
Downloading packages...
  _flutterfire_internals 1.3.66 (1.3.69 available)
  app_links 6.4.1 (7.0.0 available)
  async 2.13.0 (2.13.1 available)
  chewie 1.13.0 (1.14.0 available)
  cli_util 0.4.2 (0.5.1 available)
  connectivity_plus 7.0.0 (7.1.1 available)
  connectivity_plus_platform_interface 2.0.1 (2.1.0 available)
  cross_file 0.3.5+1 (0.3.5+2 available)
  cupertino_icons 1.0.8 (1.0.9 available)
  dbus 0.7.11 (0.7.12 available)
  device_info_plus 12.3.0 (13.1.0 available)
  device_info_plus_platform_interface 7.0.3 (8.1.0 available)
  dio 5.9.0 (5.9.2 available)
  dio_web_adapter 2.1.1 (2.1.2 available)
  ffi 2.1.4 (2.2.0 available)
  file_picker 8.3.7 (11.0.2 available)
  firebase_auth 6.1.4 (6.4.0 available)
  firebase_auth_platform_interface 8.1.6 (8.1.9 available)
  firebase_auth_web 6.1.2 (6.1.5 available)
  firebase_core 4.4.0 (4.7.0 available)
  firebase_core_platform_interface 6.0.2 (6.0.3 available)
  firebase_core_web 3.4.0 (3.6.0 available)
  flutter_local_notifications 17.2.4 (21.0.0 available)
  flutter_local_notifications_linux 4.0.1 (8.0.0 available)
  flutter_local_notifications_platform_interface 7.2.0 (11.0.0 available)
  flutter_plugin_android_lifecycle 2.0.33 (2.0.34 available)
  flutter_secure_storage 10.0.0 (10.1.0 available)
  flutter_secure_storage_darwin 0.2.0 (0.3.0 available)
  flutter_secure_storage_web 2.1.0 (2.1.1 available)
  flutter_svg 2.2.3 (2.3.0 available)
  font_awesome_flutter 10.12.0 (11.0.0 available)
  geocoding_android 4.0.1 (5.0.1 available)
  geocoding_platform_interface 3.2.0 (5.0.0 available)
  google_fonts 6.3.3 (8.1.0 available)
  google_sign_in 6.3.0 (7.2.0 available)
  google_sign_in_android 6.2.1 (7.2.10 available)
  google_sign_in_ios 5.9.0 (6.3.0 available)
  google_sign_in_platform_interface 2.5.0 (3.1.0 available)
  google_sign_in_web 0.12.4+4 (1.1.3 available)
  gtk 2.1.0 (2.2.0 available)
  image_picker 1.2.1 (1.2.2 available)
  image_picker_android 0.8.13+10 (0.8.13+17 available)
  image_picker_ios 0.8.13+3 (0.8.13+6 available)
  intl 0.19.0 (0.20.2 available)
  matcher 0.12.19 (0.12.20 available)
  meta 1.17.0 (1.18.2 available)
  mime 1.0.6 (2.0.0 available)
  package_info_plus 9.0.1 (10.1.0 available)
  package_info_plus_platform_interface 3.2.1 (4.1.0 available)
  path_provider_android 2.2.22 (2.3.1 available)
  path_provider_foundation 2.5.1 (2.6.0 available)
  petitparser 7.0.1 (7.0.2 available)
  razorpay_flutter 1.4.1 (1.4.5 available)
  share_plus 7.2.2 (13.1.0 available)
  share_plus_platform_interface 3.4.0 (7.1.0 available)
  shared_preferences 2.5.4 (2.5.5 available)
  shared_preferences_android 2.4.18 (2.4.23 available)
  shared_preferences_platform_interface 2.4.1 (2.4.2 available)
  sign_in_with_apple 6.1.4 (8.0.0 available)
  sign_in_with_apple_platform_interface 1.1.0 (2.0.0 available)
  sign_in_with_apple_web 2.1.1 (3.0.0 available)
  source_span 1.10.1 (1.10.2 available)
  sqflite 2.4.2 (2.4.2+1 available)
  sqflite_android 2.4.2+2 (2.4.2+3 available)
  sqflite_common 2.5.6 (2.5.7 available)
  synchronized 3.4.0 (3.4.0+1 available)
  test_api 0.7.10 (0.7.12 available)
  timezone 0.9.4 (0.11.0 available)
  url_launcher_android 6.3.28 (6.3.29 available)
  url_launcher_ios 6.3.6 (6.4.1 available)
  url_launcher_web 2.4.2 (2.4.3 available)
  uuid 4.5.2 (4.5.3 available)
  vector_graphics 1.1.19 (1.2.0 available)
  vector_graphics_compiler 1.1.19 (1.2.1 available)
  vector_math 2.2.0 (2.3.0 available)
  video_player_android 2.9.4 (2.9.5 available)
  video_player_avfoundation 2.9.4 (2.9.6 available)
  video_player_platform_interface 6.6.0 (6.7.0 available)
  vm_service 15.0.2 (15.2.0 available)
  wakelock_plus 1.4.0 (1.6.0 available)
  wakelock_plus_platform_interface 1.4.0 (1.5.0 available)
  webview_flutter_android 4.10.15 (4.12.0 available)
  webview_flutter_wkwebview 3.24.2 (3.25.1 available)
  win32 5.15.0 (6.2.0 available)
  win32_registry 2.1.0 (3.0.3 available)
  xml 6.6.1 (7.0.1 available)
Got dependencies!
86 packages have newer versions incompatible with dependency constraints.
Try `flutter pub outdated` for more information.
00:00 +0: loading /Users/firozmohammad/DigiEmperor/mali_setu_v1/test/features/Auth/login/presentation/controller/login_controller_test.dart
00:00 +0: appleSignIn sends correct data structure to usecase
00:00 +0 -1: appleSignIn sends correct data structure to usecase [E]
  type 'Null' is not a subtype of type 'InternalFinalCallback<void>'
  test/features/Auth/login/presentation/controller/login_controller_test.dart 13:7  MockAuthService.onStart
  package:get/get_instance/src/get_instance.dart 254:9                              GetInstance._startController
  package:get/get_instance/src/get_instance.dart 205:11                             GetInstance._initDependencies
  package:get/get_instance/src/get_instance.dart 302:17                             GetInstance.find
  package:get/get_instance/src/get_instance.dart 87:12                              GetInstance.put
  package:get/get_instance/src/extension_instance.dart 89:21                        Inst.put
  test/features/Auth/login/presentation/controller/login_controller_test.dart 29:9  main.<fn>
  
00:00 +0 -1: googleSignIn sends correct data structure to usecase
00:00 +0 -2: googleSignIn sends correct data structure to usecase [E]
  type 'Null' is not a subtype of type 'InternalFinalCallback<void>'
  test/features/Auth/login/presentation/controller/login_controller_test.dart 13:7  MockAuthService.onStart
  package:get/get_instance/src/get_instance.dart 254:9                              GetInstance._startController
  package:get/get_instance/src/get_instance.dart 205:11                             GetInstance._initDependencies
  package:get/get_instance/src/get_instance.dart 302:17                             GetInstance.find
  package:get/get_instance/src/get_instance.dart 87:12                              GetInstance.put
  package:get/get_instance/src/extension_instance.dart 89:21                        Inst.put
  test/features/Auth/login/presentation/controller/login_controller_test.dart 29:9  main.<fn>
  
00:00 +0 -2: Some tests failed.
